// Jest Snapshot v1, https://goo.gl/fbAQLP

exports[`Button changes the class when hovered 1`] = `
<a
  className="mdc-button"
  href="http://www.facebook.com"
>
  Facebook
</a>
`;
